// Jest Snapshot v1, https://goo.gl/fbAQLP

exports[`should render the text on the display 1`] = `
<div>
  <div
    class="layout"
  >
    <div
      class="header"
    >
      <a
        class="header__link--home"
        href="/"
      >
        <img
          alt="an Icon of an backwards facing arrow"
          src="BackButton.svg"
        />
      </a>
      <div
        class="header__container"
      >
        <div
          class="header__logo-title"
        >
          <img
            alt="an image showing the Local logo"
            src="AppLogo.svg"
          />
          <h1
            class="header__title-local"
          >
            LOCAL
          </h1>
        </div>
      </div>
      <div
        class="menu-icon__container"
        role="button"
      >
        <svg
          alt="Menu-icon"
          class="menu-icon__icon"
          fill="none"
          height="30"
          viewBox="0 0 44 30"
          width="44"
          xmlns="http://www.w3.org/2000/svg"
        >
          <path
            d="M0 30H44V25H0V30ZM0 17.5H44V12.5H0V17.5ZM0 0V5H44V0H22H0Z"
            fill="black"
          />
        </svg>
      </div>
    </div>
    <div
      class="layout__menu menu-closed"
    >
      <div
        class="menu"
      >
        <div
          class="menu__header"
        >
          <img
            alt="App Logo"
            class="menu__app-logo"
            src="logo.svg"
          />
          <h1
            class="menu__app-title"
          >
            LOCAL
          </h1>
          <img
            alt="Close Button"
            class="menu__close"
            src="close-btn.svg"
          />
        </div>
        <div
          class="menu__home"
        >
          <a
            class="menu__link"
            href="/home"
          >
            <div
              class="menu__page"
            >
              <img
                alt="Home Logo"
                class="menu__logo"
                src="home.svg"
              />
              <h2
                class="menu__option"
              >
                Home
              </h2>
              <img
                alt="Arrow"
                class="menu__arrow"
                src="arrow.svg"
              />
            </div>
          </a>
        </div>
        <div
          class="menu__favourites"
        >
          <a
            class="menu__link"
            href="/favourites"
          >
            <div
              class="menu__page"
            >
              <img
                alt="Home Logo"
                class="menu__logo"
                src="favourites.svg"
              />
              <h2
                class="menu__option"
              >
                Favourites
              </h2>
              <img
                alt="Arrow"
                class="menu__arrow"
                src="arrow.svg"
              />
            </div>
          </a>
        </div>
        <div
          class="menu__info"
        >
          <a
            class="menu__link"
            href="/account"
          >
            <div
              class="menu__page"
            >
              <img
                alt="Account Logo"
                class="menu__logo"
                src="account.svg"
              />
              <h2
                class="menu__option"
              >
                Manage Account
              </h2>
              <img
                alt="Arrow"
                class="menu__arrow"
                src="arrow.svg"
              />
            </div>
          </a>
        </div>
        <div
          class="menu__about"
        >
          <a
            class="menu__link"
            href="/about"
          >
            <div
              class="menu__page"
            >
              <img
                alt="About Logo"
                class="menu__logo"
                src="about.svg"
              />
              <h2
                class="menu__option"
              >
                About
              </h2>
              <img
                alt="Arrow"
                class="menu__arrow"
                src="arrow.svg"
              />
            </div>
          </a>
        </div>
        <div
          class="menu__contact"
        >
          <a
            class="menu__link"
            href="/contact"
          >
            <div
              class="menu__page"
            >
              <img
                alt="Contact Logo"
                class="menu__logo"
                src="contact.svg"
              />
              <h2
                class="menu__option"
              >
                Contact
              </h2>
              <img
                alt="Arrow"
                class="menu__arrow"
                src="arrow.svg"
              />
            </div>
          </a>
        </div>
      </div>
    </div>
    <div
      class="home__search--bar-container"
    >
      <img
        alt="an icon of a map marker"
        class="home__map-icon"
        src="mapMarkerIcon.svg"
        type="image/svg+xml"
      />
      <div
        class="text-field text-field--location-search-bar"
      >
        <label
          class="text-field__label text-field__label--location-search-bar"
          for="location-search-bar"
        />
        <input
          class="text-field__input text-field__input--location-search-bar"
          id="location-search-bar"
          placeholder="Search by Postcode"
          type="text"
        />
      </div>
    </div>
    <div
      class="home__map-buttons"
    >
      <button
        class="button button--map-navigation-zoom"
      >
        +
      </button>
      <button
        class="button button--map-navigation-zoom"
      >
        -
      </button>
      <a
        class="home__link--list-view"
        href="/list-view"
      >
        <button
          class="button button--map-navigation"
        >
          List View
        </button>
      </a>
    </div>
    <h1>
      Page Heading
    </h1>
    <h2>
      Section Heading
    </h2>
    <h3>
      Panel Heading
    </h3>
    <p>
      Lorem ipsum dolor, sit amet consectetur adipisicing elit. Non error dolor in nostrum minima odio a fuga saepe soluta adipisci perspiciatis maxime tempora, temporibus beatae voluptas repellat rerum. Dignissimos, necessitatibus.
    </p>
  </div>
</div>
`;
