// Jest Snapshot v1, https://goo.gl/fbAQLP

exports[`should render the text on the display 1`] = `
<div>
  <div
    class="layout layout__manage-account"
  >
    <div
      class="header header__manage-account"
    >
      <img
        alt=""
        src="BackButton.svg"
      />
      <div
        class="header__container"
      >
        <div
          class="header__logo-title"
        >
          <img
            alt=""
            src="AppLogo.svg"
          />
          <h1
            class="header__title-local"
          >
            LOCAL
          </h1>
        </div>
      </div>
      <div
        class="menu-icon__container"
        role="button"
      >
        <svg
          alt="Menu-icon"
          class="menu-icon__icon"
          fill="none"
          height="30"
          viewBox="0 0 44 30"
          width="44"
          xmlns="http://www.w3.org/2000/svg"
        >
          <path
            d="M0 30H44V25H0V30ZM0 17.5H44V12.5H0V17.5ZM0 0V5H44V0H22H0Z"
            fill="black"
          />
        </svg>
      </div>
    </div>
    <div
      class="layout__menu menu-closed"
    >
      <div
        class="menu"
      >
        <div
          class="menu__header"
        >
          <img
            alt="App Logo"
            class="menu__app-logo"
            src="logo.svg"
          />
          <h1
            class="menu__app-title"
          >
            LOCAL
          </h1>
          <img
            alt="Close Button"
            class="menu__close"
            src="close-btn.svg"
          />
        </div>
        <div
          class="menu__home"
        >
          <a
            class="menu__link"
            href="/home"
          >
            <div
              class="menu__page"
            >
              <img
                alt="Home Logo"
                class="menu__logo"
                src="home.svg"
              />
              <h2
                class="menu__option"
              >
                Home
              </h2>
              <img
                alt="Arrow"
                class="menu__arrow"
                src="arrow.svg"
              />
            </div>
          </a>
        </div>
        <div
          class="menu__favourites"
        >
          <a
            class="menu__link"
            href="/favourites"
          >
            <div
              class="menu__page"
            >
              <img
                alt="Home Logo"
                class="menu__logo"
                src="favourites.svg"
              />
              <h2
                class="menu__option"
              >
                Favourites
              </h2>
              <img
                alt="Arrow"
                class="menu__arrow"
                src="arrow.svg"
              />
            </div>
          </a>
        </div>
        <div
          class="menu__info"
        >
          <a
            class="menu__link"
            href="/account"
          >
            <div
              class="menu__page"
            >
              <img
                alt="Account Logo"
                class="menu__logo"
                src="account.svg"
              />
              <h2
                class="menu__option"
              >
                Manage Account
              </h2>
              <img
                alt="Arrow"
                class="menu__arrow"
                src="arrow.svg"
              />
            </div>
          </a>
        </div>
        <div
          class="menu__about"
        >
          <a
            class="menu__link"
            href="/about"
          >
            <div
              class="menu__page"
            >
              <img
                alt="About Logo"
                class="menu__logo"
                src="about.svg"
              />
              <h2
                class="menu__option"
              >
                About
              </h2>
              <img
                alt="Arrow"
                class="menu__arrow"
                src="arrow.svg"
              />
            </div>
          </a>
        </div>
        <div
          class="menu__contact"
        >
          <a
            class="menu__link"
            href="/contact"
          >
            <div
              class="menu__page"
            >
              <img
                alt="Contact Logo"
                class="menu__logo"
                src="contact.svg"
              />
              <h2
                class="menu__option"
              >
                Contact
              </h2>
              <img
                alt="Arrow"
                class="menu__arrow"
                src="arrow.svg"
              />
            </div>
          </a>
        </div>
      </div>
    </div>
    <div
      class="manage-account"
    >
      <h1
        class="manage-account__heading"
      >
        Account
      </h1>
      <div
        class="manage-account__button-container"
      >
        <div
          class="manage-account__buttons-updateAccount"
        >
          <button
            class="button button--account button--signout"
          >
            Sign Out
          </button>
          <button
            class="button button--account button--update-details"
          >
            Update details
          </button>
        </div>
        <div
          class="manage-account__buttons-deleteAccount"
        >
          <button
            class="button button--account button--deleteAccount"
          >
            Delete Account
          </button>
        </div>
      </div>
    </div>
  </div>
</div>
`;
