// Jest Snapshot v1, https://goo.gl/fbAQLP

exports[`should render the TextField component 1`] = `
<div>
  <div
    class="text-field"
  >
    <label
      class="text-field__label"
    />
    <input
      class="text-field__input"
    />
  </div>
</div>
`;
