// Jest Snapshot v1, https://goo.gl/fbAQLP

exports[`should render the text on the display 1`] = `
<div>
  <div
    class="carousel"
  />
</div>
`;
